app/hub/revision/page.tsx(15,8): error TS2307: Cannot find module 'recharts' or its corresponding type declarations.
lib/actions/session.actions.ts(6,9): error TS2305: Module '"@/lib/subscription-constants"' has no exported member 'getCurrentBillingPeriodStart'.
lib/subscription-constants.ts(16,14): error TS2739: Type '{ pro: { maxBooks: number; maxSessionsPerMonth: number; maxDurationPerSession: number; hasSessionHistory: true; }; }' is missing the following properties from type 'Record<PlanType, PlanLimits>': free, standard
lib/utils.ts(124,28): error TS2345: Argument of type '{ canvasContext: CanvasRenderingContext2D; viewport: PageViewport; }' is not assignable to parameter of type 'RenderParameters'.
  Property 'canvas' is missing in type '{ canvasContext: CanvasRenderingContext2D; viewport: PageViewport; }' but required in type 'RenderParameters'.
